// Jest Snapshot v1, https://goo.gl/fbAQLP

exports[`Testing Krabs "findTenant" against a large number of vhosts 1`] = `
Object {
  "domains": Array [
    Object {
      "dev": "local.1.website.com",
      "test": "test.1.website.com",
    },
    Object {
      "test": "test.1.1.website.com",
    },
  ],
  "name": "website-1.com",
}
`;

exports[`Testing Krabs "findTenant" against a large number of vhosts 2`] = `
Object {
  "domains": Array [
    Object {
      "dev": "local.999.website.com",
      "test": "test.999.website.com",
    },
    Object {
      "test": "test.999.999.website.com",
    },
  ],
  "name": "website-999.com",
}
`;

exports[`Testing Krabs "findTenant" against a large number of vhosts 3`] = `
Object {
  "domains": Array [
    Object {
      "dev": "local.99999.website.com",
      "test": "test.99999.website.com",
    },
    Object {
      "test": "test.99999.99999.website.com",
    },
  ],
  "name": "website-99999.com",
}
`;

exports[`Testing Krabs "findTenant" against a large number of vhosts 4`] = `undefined`;

exports[`Testing Krabs "findTenant" against a large number of vhosts 5`] = `undefined`;

exports[`findTenant should find the right tenant 1`] = `
Object {
  "domains": Array [
    Object {
      "dev": "local.website-1.com",
      "test": "test.website-1.com",
    },
    Object {
      "development": "local.dev.website-2.com",
      "prod": "prod.website-2.com",
      "test": "test.website-2.com",
    },
  ],
  "name": "website-1",
}
`;

exports[`findTenant should find the right tenant 2`] = `
Object {
  "domains": Array [
    Object {
      "dev": /local\\\\\\.website-2\\\\\\.\\[a-z\\]\\*\\\\\\.com/,
      "test": /test\\\\\\.website-2\\\\\\.\\[a-z\\]\\*\\\\\\.com/,
    },
  ],
  "name": "website-2",
}
`;

exports[`findTenant should find the right tenant 3`] = `
Object {
  "domains": Array [
    Object {
      "dev": /local\\\\\\.website-2\\\\\\.\\[a-z\\]\\*\\\\\\.com/,
      "test": /test\\\\\\.website-2\\\\\\.\\[a-z\\]\\*\\\\\\.com/,
    },
  ],
  "name": "website-2",
}
`;

exports[`findTenant should find the right tenant 4`] = `
Object {
  "domains": Array [
    Object {
      "dev": /local\\\\\\.website-2\\\\\\.\\[a-z\\]\\*\\\\\\.com/,
      "test": /test\\\\\\.website-2\\\\\\.\\[a-z\\]\\*\\\\\\.com/,
    },
  ],
  "name": "website-2",
}
`;

exports[`findTenant should find the right tenant 5`] = `
Object {
  "domains": Array [
    Object {
      "dev": /local\\\\\\.website-2\\\\\\.\\[a-z\\]\\*\\\\\\.com/,
      "test": /test\\\\\\.website-2\\\\\\.\\[a-z\\]\\*\\\\\\.com/,
    },
  ],
  "name": "website-2",
}
`;
