// Jest Snapshot v1, https://goo.gl/fbAQLP

exports[`getCwdConfig on .krabs.config.js file 1`] = `[Function]`;

exports[`getCwdConfig on .krabs.js file 1`] = `[Function]`;

exports[`getTenantConfig 1`] = `
Object {
  "tenants": Array [
    Object {
      "domains": Array [
        Object {
          "dev": "local.website-1.com",
          "prod": "website-1.com",
          "stage": "stage.website-1.com",
        },
      ],
      "name": "website-1",
    },
    Object {
      "domains": Array [
        Object {
          "dev": "local.website-2.com",
          "prod": "website-2.com",
          "stage": "stage.website-2.com",
        },
      ],
      "name": "website-2",
    },
    Object {
      "domains": Array [
        Object {
          "dev": "local.website-3.com",
          "prod": "website-3.com",
          "stage": "stage.website-3.com",
        },
      ],
      "name": "website-3",
    },
  ],
}
`;

exports[`getTenantConfig 2`] = `
Object {
  "tenants": Array [
    Object {
      "domains": Array [
        Object {
          "dev": "local.website-1.com",
          "prod": "website-1.com",
          "stage": "stage.website-1.com",
        },
      ],
      "name": "website-1",
    },
    Object {
      "domains": Array [
        Object {
          "dev": "local.website-2.com",
          "prod": "website-2.com",
          "stage": "stage.website-2.com",
        },
      ],
      "name": "website-2",
    },
    Object {
      "domains": Array [
        Object {
          "dev": "local.website-3.com",
          "prod": "website-3.com",
          "stage": "stage.website-3.com",
        },
      ],
      "name": "website-3",
    },
  ],
}
`;

exports[`getTenantConfig 3`] = `
Object {
  "tenants": Array [
    Object {
      "domains": Array [
        Object {
          "dev": "local.website-1.com",
          "prod": "website-1.com",
          "stage": "stage.website-1.com",
        },
      ],
      "name": "website-1",
    },
    Object {
      "domains": Array [
        Object {
          "dev": "local.website-2.com",
          "prod": "website-2.com",
          "stage": "stage.website-2.com",
        },
      ],
      "name": "website-2",
    },
    Object {
      "domains": Array [
        Object {
          "dev": "local.website-3.com",
          "prod": "website-3.com",
          "stage": "stage.website-3.com",
        },
      ],
      "name": "website-3",
    },
  ],
}
`;
